---
http_interactions:
- request:
    method: post
    uri: http://localhost:19999/api/3.0/role_types
    body:
      encoding: UTF-8
      string: ! '{"name":"test_role_type","permissions":["administer"]}'
    headers:
      Accept:
      - application/vnd.looker.v3+json
      User-Agent:
      - Looker Ruby Gem 0.0.1
  response:
    status:
      code: 200
      message: OK
    headers:
      Content-Type:
      - application/json;charset=utf-8
      Vary:
      - Accept-Encoding
      X-Content-Type-Options:
      - nosniff
      Content-Length:
      - '134'
    body:
      encoding: US-ASCII
      string: ! '{"id":49,"name":"test_role_type","permissions":["administer"],"all_access":false,"url":"http://localhost:19999/api/3.0/role_types/49"}'
    http_version:
  recorded_at: Tue, 05 Aug 2014 23:12:57 GMT
- request:
    method: post
    uri: http://localhost:19999/api/3.0/role_domains
    body:
      encoding: UTF-8
      string: ! '{"name":"test_role_domain","models":"all"}'
    headers:
      Accept:
      - application/vnd.looker.v3+json
      User-Agent:
      - Looker Ruby Gem 0.0.1
  response:
    status:
      code: 200
      message: OK
    headers:
      Content-Type:
      - application/json;charset=utf-8
      Vary:
      - Accept-Encoding
      X-Content-Type-Options:
      - nosniff
      Content-Length:
      - '119'
    body:
      encoding: US-ASCII
      string: ! '{"id":38,"name":"test_role_domain","models":["thelook"],"all_access":true,"url":"http://localhost:19999/api/3.0/role_domains/38"}'
    http_version:
  recorded_at: Tue, 05 Aug 2014 23:12:57 GMT
- request:
    method: post
    uri: http://localhost:19999/api/3.0/roles
    body:
      encoding: UTF-8
      string: ! '{"name":"test_role","role_domain_id":38,"role_type_id":49}'
    headers:
      Accept:
      - application/vnd.looker.v3+json
      User-Agent:
      - Looker Ruby Gem 0.0.1
  response:
    status:
      code: 200
      message: OK
    headers:
      Content-Type:
      - application/json;charset=utf-8
      Vary:
      - Accept-Encoding
      X-Content-Type-Options:
      - nosniff
      Content-Length:
      - '412'
    body:
      encoding: US-ASCII
      string: ! '{"id":19,"name":"test_role","role_type":{"id":49,"name":"test_role_type","permissions":["administer"],"all_access":false,"url":"http://localhost:19999/api/3.0/role_types/49"},"role_domain":{"id":38,"name":"test_role_domain","models":["thelook"],"all_access":true,"url":"http://localhost:19999/api/3.0/role_domains/38"},"url":"http://localhost:19999/api/3.0/roles/19","users_url":"http://localhost:19999/api/3.0/roles/19/users"}'
    http_version:
  recorded_at: Tue, 05 Aug 2014 23:12:57 GMT
- request:
    method: patch
    uri: http://localhost:19999/api/3.0/roles/19
    body:
      encoding: UTF-8
      string: ! '{"role_domain_id":9999}'
    headers:
      Accept:
      - application/vnd.looker.v3+json
      User-Agent:
      - Looker Ruby Gem 0.0.1
  response:
    status:
      code: 422
      message: Unprocessable Entity
    headers:
      Content-Type:
      - application/json;charset=utf-8
      Vary:
      - Accept-Encoding
      X-Content-Type-Options:
      - nosniff
      Content-Length:
      - '124'
    body:
      encoding: US-ASCII
      string: ! '{"message":"Validation Failed","errors":[{"field":"role_domain","code":"invalid"}],"documentation_url":"http://docs.looker.com/"}'
    http_version:
  recorded_at: Tue, 05 Aug 2014 23:12:57 GMT
- request:
    method: delete
    uri: http://localhost:19999/api/3.0/roles/19
    body:
      encoding: UTF-8
      string: ! '{}'
    headers:
      Accept:
      - application/vnd.looker.v3+json
      User-Agent:
      - Looker Ruby Gem 0.0.1
  response:
    status:
      code: 204
      message: No Content
    headers:
      X-Content-Type-Options:
      - nosniff
    body:
      encoding: US-ASCII
      string: ''
    http_version:
  recorded_at: Tue, 05 Aug 2014 23:12:57 GMT
- request:
    method: delete
    uri: http://localhost:19999/api/3.0/role_types/49
    body:
      encoding: UTF-8
      string: ! '{}'
    headers:
      Accept:
      - application/vnd.looker.v3+json
      User-Agent:
      - Looker Ruby Gem 0.0.1
  response:
    status:
      code: 204
      message: No Content
    headers:
      X-Content-Type-Options:
      - nosniff
    body:
      encoding: US-ASCII
      string: ''
    http_version:
  recorded_at: Tue, 05 Aug 2014 23:12:57 GMT
- request:
    method: delete
    uri: http://localhost:19999/api/3.0/role_domains/38
    body:
      encoding: UTF-8
      string: ! '{}'
    headers:
      Accept:
      - application/vnd.looker.v3+json
      User-Agent:
      - Looker Ruby Gem 0.0.1
  response:
    status:
      code: 204
      message: No Content
    headers:
      X-Content-Type-Options:
      - nosniff
    body:
      encoding: US-ASCII
      string: ''
    http_version:
  recorded_at: Tue, 05 Aug 2014 23:12:57 GMT
recorded_with: VCR 2.9.2
