---
http_interactions:
- request:
    method: post
    uri: http://localhost:19999/api/3.0/role_domains
    body:
      encoding: UTF-8
      string: ! '{"name":"test_role_domain","models":["abcd","efgh","ijkl","mnop","qrst","uvwxyz"]}'
    headers:
      Accept:
      - application/vnd.looker.v3+json
      User-Agent:
      - Looker Ruby Gem 0.0.1
  response:
    status:
      code: 200
      message: OK
    headers:
      Content-Type:
      - application/json;charset=utf-8
      Vary:
      - Accept-Encoding
      X-Content-Type-Options:
      - nosniff
      Content-Length:
      - '162'
    body:
      encoding: US-ASCII
      string: ! '{"id":6,"name":"test_role_domain","models":["abcd","efgh","ijkl","mnop","qrst","uvwxyz"],"all_access":false,"url":"http://localhost:19999/api/3.0/role_domains/6"}'
    http_version: 
  recorded_at: Fri, 15 Aug 2014 00:41:08 GMT
- request:
    method: patch
    uri: http://localhost:19999/api/3.0/role_domains/6
    body:
      encoding: UTF-8
      string: ! '{"name":"new_test_role_domain"}'
    headers:
      Accept:
      - application/vnd.looker.v3+json
      User-Agent:
      - Looker Ruby Gem 0.0.1
  response:
    status:
      code: 200
      message: OK
    headers:
      Content-Type:
      - application/json;charset=utf-8
      Vary:
      - Accept-Encoding
      X-Content-Type-Options:
      - nosniff
      Content-Length:
      - '166'
    body:
      encoding: US-ASCII
      string: ! '{"id":6,"name":"new_test_role_domain","models":["abcd","efgh","ijkl","mnop","qrst","uvwxyz"],"all_access":false,"url":"http://localhost:19999/api/3.0/role_domains/6"}'
    http_version: 
  recorded_at: Fri, 15 Aug 2014 00:41:08 GMT
- request:
    method: delete
    uri: http://localhost:19999/api/3.0/role_domains/6
    body:
      encoding: UTF-8
      string: ! '{}'
    headers:
      Accept:
      - application/vnd.looker.v3+json
      User-Agent:
      - Looker Ruby Gem 0.0.1
  response:
    status:
      code: 204
      message: No Content
    headers:
      X-Content-Type-Options:
      - nosniff
    body:
      encoding: US-ASCII
      string: ''
    http_version: 
  recorded_at: Fri, 15 Aug 2014 00:41:08 GMT
recorded_with: VCR 2.9.2
